2026-03-27 16:34:49 [AWT-EventQueue-0] ERROR com.cleb.dao.JdbcUserDAO - Authentication failed
com.mysql.cj.jdbc.exceptions.CommunicationsException: Communications link failure

The last packet sent successfully to the server was 0 milliseconds ago. The driver has not received any packets from the server.
	at com.mysql.cj.jdbc.exceptions.SQLError.createCommunicationsException(SQLError.java:165) ~[mysql-connector-j-9.1.0.jar:9.1.0]
	at com.mysql.cj.jdbc.exceptions.SQLExceptionsMapping.translateException(SQLExceptionsMapping.java:55) ~[mysql-connector-j-9.1.0.jar:9.1.0]
	at com.mysql.cj.jdbc.ConnectionImpl.createNewIO(ConnectionImpl.java:837) ~[mysql-connector-j-9.1.0.jar:9.1.0]
	at com.mysql.cj.jdbc.ConnectionImpl.<init>(ConnectionImpl.java:420) ~[mysql-connector-j-9.1.0.jar:9.1.0]
	at com.mysql.cj.jdbc.ConnectionImpl.getInstance(ConnectionImpl.java:238) ~[mysql-connector-j-9.1.0.jar:9.1.0]
	at com.mysql.cj.jdbc.NonRegisteringDriver.connect(NonRegisteringDriver.java:180) ~[mysql-connector-j-9.1.0.jar:9.1.0]
	at java.sql/java.sql.DriverManager.getConnection(DriverManager.java:677) ~[java.sql:?]
	at java.sql/java.sql.DriverManager.getConnection(DriverManager.java:228) ~[java.sql:?]
	at com.cleb.dao.JdbcUserDAO.authenticate(JdbcUserDAO.java:31) ~[classes/:?]
	at com.cleb.client.LoginInternalFrame$1.actionPerformed(LoginInternalFrame.java:77) ~[classes/:?]
	at java.desktop/javax.swing.AbstractButton.fireActionPerformed(AbstractButton.java:1967) ~[?:?]
	at java.desktop/javax.swing.AbstractButton$Handler.actionPerformed(AbstractButton.java:2308) ~[?:?]
	at java.desktop/javax.swing.DefaultButtonModel.fireActionPerformed(DefaultButtonModel.java:405) ~[?:?]
	at java.desktop/javax.swing.DefaultButtonModel.setPressed(DefaultButtonModel.java:262) ~[?:?]
	at java.desktop/javax.swing.plaf.basic.BasicButtonListener.mouseReleased(BasicButtonListener.java:279) ~[?:?]
	at java.desktop/java.awt.Component.processMouseEvent(Component.java:6614) ~[?:?]
	at java.desktop/javax.swing.JComponent.processMouseEvent(JComponent.java:3342) ~[?:?]
	at java.desktop/java.awt.Component.processEvent(Component.java:6379) ~[?:?]
	at java.desktop/java.awt.Container.processEvent(Container.java:2263) ~[?:?]
	at java.desktop/java.awt.Component.dispatchEventImpl(Component.java:4990) ~[?:?]
	at java.desktop/java.awt.Container.dispatchEventImpl(Container.java:2321) ~[?:?]
	at java.desktop/java.awt.Component.dispatchEvent(Component.java:4822) ~[?:?]
	at java.desktop/java.awt.LightweightDispatcher.retargetMouseEvent(Container.java:4919) ~[?:?]
	at java.desktop/java.awt.LightweightDispatcher.processMouseEvent(Container.java:4548) ~[?:?]
	at java.desktop/java.awt.LightweightDispatcher.dispatchEvent(Container.java:4489) ~[?:?]
	at java.desktop/java.awt.Container.dispatchEventImpl(Container.java:2307) ~[?:?]
	at java.desktop/java.awt.Window.dispatchEventImpl(Window.java:2769) ~[?:?]
	at java.desktop/java.awt.Component.dispatchEvent(Component.java:4822) ~[?:?]
	at java.desktop/java.awt.EventQueue.dispatchEventImpl(EventQueue.java:772) ~[?:?]
	at java.desktop/java.awt.EventQueue$4.run(EventQueue.java:721) ~[?:?]
	at java.desktop/java.awt.EventQueue$4.run(EventQueue.java:715) ~[?:?]
	at java.base/java.security.AccessController.doPrivileged(AccessController.java:391) [?:?]
	at java.base/java.security.ProtectionDomain$JavaSecurityAccessImpl.doIntersectionPrivilege(ProtectionDomain.java:85) ~[?:?]
	at java.base/java.security.ProtectionDomain$JavaSecurityAccessImpl.doIntersectionPrivilege(ProtectionDomain.java:95) ~[?:?]
	at java.desktop/java.awt.EventQueue$5.run(EventQueue.java:745) ~[?:?]
	at java.desktop/java.awt.EventQueue$5.run(EventQueue.java:743) ~[?:?]
	at java.base/java.security.AccessController.doPrivileged(AccessController.java:391) [?:?]
	at java.base/java.security.ProtectionDomain$JavaSecurityAccessImpl.doIntersectionPrivilege(ProtectionDomain.java:85) [?:?]
	at java.desktop/java.awt.EventQueue.dispatchEvent(EventQueue.java:742) [?:?]
	at java.desktop/java.awt.EventDispatchThread.pumpOneEventForFilters(EventDispatchThread.java:203) [?:?]
	at java.desktop/java.awt.EventDispatchThread.pumpEventsForFilter(EventDispatchThread.java:124) [?:?]
	at java.desktop/java.awt.EventDispatchThread.pumpEventsForHierarchy(EventDispatchThread.java:113) [?:?]
	at java.desktop/java.awt.EventDispatchThread.pumpEvents(EventDispatchThread.java:109) [?:?]
	at java.desktop/java.awt.EventDispatchThread.pumpEvents(EventDispatchThread.java:101) [?:?]
	at java.desktop/java.awt.EventDispatchThread.run(EventDispatchThread.java:90) [?:?]
Caused by: com.mysql.cj.exceptions.CJCommunicationsException: Communications link failure

The last packet sent successfully to the server was 0 milliseconds ago. The driver has not received any packets from the server.
	at java.base/jdk.internal.reflect.NativeConstructorAccessorImpl.newInstance0(Native Method) ~[?:?]
	at java.base/jdk.internal.reflect.NativeConstructorAccessorImpl.newInstance(NativeConstructorAccessorImpl.java:64) ~[?:?]
	at java.base/jdk.internal.reflect.DelegatingConstructorAccessorImpl.newInstance(DelegatingConstructorAccessorImpl.java:45) ~[?:?]
	at java.base/java.lang.reflect.Constructor.newInstanceWithCaller(Constructor.java:500) ~[?:?]
	at java.base/java.lang.reflect.Constructor.newInstance(Constructor.java:481) ~[?:?]
	at com.mysql.cj.exceptions.ExceptionFactory.createException(ExceptionFactory.java:52) ~[mysql-connector-j-9.1.0.jar:9.1.0]
	at com.mysql.cj.exceptions.ExceptionFactory.createException(ExceptionFactory.java:95) ~[mysql-connector-j-9.1.0.jar:9.1.0]
	at com.mysql.cj.exceptions.ExceptionFactory.createException(ExceptionFactory.java:140) ~[mysql-connector-j-9.1.0.jar:9.1.0]
	at com.mysql.cj.exceptions.ExceptionFactory.createCommunicationsException(ExceptionFactory.java:156) ~[mysql-connector-j-9.1.0.jar:9.1.0]
	at com.mysql.cj.protocol.a.NativeSocketConnection.connect(NativeSocketConnection.java:79) ~[mysql-connector-j-9.1.0.jar:9.1.0]
	at com.mysql.cj.NativeSession.connect(NativeSession.java:142) ~[mysql-connector-j-9.1.0.jar:9.1.0]
	at com.mysql.cj.jdbc.ConnectionImpl.connectOneTryOnly(ConnectionImpl.java:961) ~[mysql-connector-j-9.1.0.jar:9.1.0]
	at com.mysql.cj.jdbc.ConnectionImpl.createNewIO(ConnectionImpl.java:825) ~[mysql-connector-j-9.1.0.jar:9.1.0]
	... 42 more
Caused by: java.net.ConnectException: Connection refused: connect
	at java.base/sun.nio.ch.Net.connect0(Native Method) ~[?:?]
	at java.base/sun.nio.ch.Net.connect(Net.java:574) ~[?:?]
	at java.base/sun.nio.ch.Net.connect(Net.java:563) ~[?:?]
	at java.base/sun.nio.ch.NioSocketImpl.connect(NioSocketImpl.java:588) ~[?:?]
	at java.base/java.net.SocksSocketImpl.connect(SocksSocketImpl.java:333) ~[?:?]
	at java.base/java.net.Socket.connect(Socket.java:648) ~[?:?]
	at com.mysql.cj.protocol.StandardSocketFactory.connect(StandardSocketFactory.java:144) ~[mysql-connector-j-9.1.0.jar:9.1.0]
	at com.mysql.cj.protocol.a.NativeSocketConnection.connect(NativeSocketConnection.java:53) ~[mysql-connector-j-9.1.0.jar:9.1.0]
	at com.mysql.cj.NativeSession.connect(NativeSession.java:142) ~[mysql-connector-j-9.1.0.jar:9.1.0]
	at com.mysql.cj.jdbc.ConnectionImpl.connectOneTryOnly(ConnectionImpl.java:961) ~[mysql-connector-j-9.1.0.jar:9.1.0]
	at com.mysql.cj.jdbc.ConnectionImpl.createNewIO(ConnectionImpl.java:825) ~[mysql-connector-j-9.1.0.jar:9.1.0]
	... 42 more
2026-03-27 17:00:09 [AWT-EventQueue-0] INFO  com.cleb.dao.JdbcReservationDAO - Pending reservations requested
2026-03-27 17:42:28 [AWT-EventQueue-0] INFO  com.cleb.dao.JdbcReservationDAO - Retrieved 1 pending reservations from database
2026-03-27 17:42:36 [AWT-EventQueue-0] INFO  com.cleb.dao.JdbcReservationDAO - Retrieved 1 pending reservations from database
2026-03-27 17:42:51 [AWT-EventQueue-0] INFO  com.cleb.dao.JdbcReservationDAO - Retrieved 1 pending reservations from database
2026-03-27 17:57:12 [AWT-EventQueue-0] INFO  com.cleb.dao.JdbcReservationDAO - Retrieved 1 pending reservations from database
2026-03-27 17:57:15 [AWT-EventQueue-0] INFO  com.cleb.dao.JdbcReservationDAO - Retrieved 1 pending reservations from database
2026-03-27 17:57:21 [AWT-EventQueue-0] INFO  com.cleb.dao.JdbcReservationDAO - Retrieved 1 pending reservations from database
2026-03-27 18:30:43 [AWT-EventQueue-0] INFO  com.cleb.dao.JdbcReservationDAO - Retrieved 1 pending reservations from database
2026-03-27 18:30:46 [AWT-EventQueue-0] INFO  com.cleb.dao.JdbcReservationDAO - Retrieved 1 pending reservations from database
2026-03-27 20:06:05 [main] INFO  com.cleb.server.ServerMain - CLEB Server started successfully on port 5000
2026-03-27 20:06:05 [main] INFO  com.cleb.server.ServerMain - Waiting for clients...
2026-03-27 20:15:15 [AWT-EventQueue-0] INFO  com.cleb.dao.JdbcReservationDAO - Retrieved 1 pending reservations from database
2026-03-27 20:15:18 [AWT-EventQueue-0] INFO  com.cleb.dao.JdbcReservationDAO - Retrieved 1 pending reservations from database
2026-03-27 20:15:28 [AWT-EventQueue-0] INFO  com.cleb.dao.JdbcReservationDAO - Retrieved 1 pending reservations from database
2026-03-27 20:51:28 [main] ERROR com.cleb.server.ServerMain - Server crashed
java.net.BindException: Address already in use: bind
	at java.base/sun.nio.ch.Net.bind0(Native Method) ~[?:?]
	at java.base/sun.nio.ch.Net.bind(Net.java:550) ~[?:?]
	at java.base/sun.nio.ch.Net.bind(Net.java:539) ~[?:?]
	at java.base/sun.nio.ch.NioSocketImpl.bind(NioSocketImpl.java:643) ~[?:?]
	at java.base/java.net.ServerSocket.bind(ServerSocket.java:396) ~[?:?]
	at java.base/java.net.ServerSocket.<init>(ServerSocket.java:282) ~[?:?]
	at java.base/java.net.ServerSocket.<init>(ServerSocket.java:173) ~[?:?]
	at com.cleb.server.ServerMain.main(ServerMain.java:20) [classes/:?]
2026-03-27 20:51:50 [AWT-EventQueue-0] INFO  com.cleb.dao.JdbcReservationDAO - Retrieved 1 pending reservations from database
2026-03-27 20:52:18 [AWT-EventQueue-0] INFO  com.cleb.dao.JdbcReservationDAO - Retrieved 1 pending reservations from database
